root frontend count: 235
learnSphere frontend count: 276
